Loading plugins phase: Elapsed time ==> 0s.188ms
<CYPRESSTAG name="CyDsfit arguments...">
cydsfit arguments: -.fdsnotice -.fdswarpdepfile=warp_dependencies.txt -.fdselabdepfile=elab_dependencies.txt -.fdsbldfile=generated_files.txt -.fdsreffile=referenced_files.txt -p D:\Users\gizmo\Documents\Develop\TDA1543A\PSoC\I2S_Test\TDA1503_Test01.cydsn\TDA1503_Test01.cyprj -d CY8C5888LTI-LP097 -s D:\Users\gizmo\Documents\Develop\TDA1543A\PSoC\I2S_Test\TDA1503_Test01.cydsn\Generated_Source\PSoC5 -- -yv2 -q10 -ygs -o2 -v3 -.fftcfgtype=LE
</CYPRESSTAG>
<CYPRESSTAG name="Design elaboration results...">
</CYPRESSTAG>
Elaboration phase: Elapsed time ==> 1s.904ms
<CYPRESSTAG name="HDL generation results...">
</CYPRESSTAG>
HDL generation phase: Elapsed time ==> 0s.083ms
<CYPRESSTAG name="Synthesis results...">

     | | | | | | |
   _________________
  -|               |-
  -|               |-
  -|               |-
  -|    CYPRESS    |-
  -|               |-
  -|               |-   Warp Verilog Synthesis Compiler: Version 6.3 IR 41
  -|               |-   Copyright (C) 1991-2001 Cypress Semiconductor
   |_______________|
     | | | | | | |

======================================================================
Compiling:  TDA1503_Test01.v
Program  :   D:\Program\Cypress\PSoC Creator\4.2\PSoC Creator\warp\bin\warp.exe
Options  :    -yv2 -q10 -ygs -o2 -v3 -.fftcfgtype=LE -ya -.fftprj=D:\Users\gizmo\Documents\Develop\TDA1543A\PSoC\I2S_Test\TDA1503_Test01.cydsn\TDA1503_Test01.cyprj -dcpsoc3 TDA1503_Test01.v -verilog
======================================================================

======================================================================
Compiling:  TDA1503_Test01.v
Program  :   D:\Program\Cypress\PSoC Creator\4.2\PSoC Creator\warp\bin\warp.exe
Options  :    -yv2 -q10 -ygs -o2 -v3 -.fftcfgtype=LE -ya -.fftprj=D:\Users\gizmo\Documents\Develop\TDA1543A\PSoC\I2S_Test\TDA1503_Test01.cydsn\TDA1503_Test01.cyprj -dcpsoc3 TDA1503_Test01.v -verilog
======================================================================

======================================================================
Compiling:  TDA1503_Test01.v
Program  :   vlogfe
Options  :    -yv2 -q10 -ygs -o2 -v3 -.fftcfgtype=LE -ya -.fftprj=D:\Users\gizmo\Documents\Develop\TDA1543A\PSoC\I2S_Test\TDA1503_Test01.cydsn\TDA1503_Test01.cyprj -dcpsoc3 -verilog TDA1503_Test01.v
======================================================================

vlogfe V6.3 IR 41:  Verilog parser
Tue May 07 18:21:15 2019


======================================================================
Compiling:  TDA1503_Test01.v
Program  :   vpp
Options  :    -yv2 -q10 TDA1503_Test01.v
======================================================================

vpp V6.3 IR 41:  Verilog Pre-Processor
Tue May 07 18:21:15 2019

Flattening file 'D:\Program\Cypress\PSoC Creator\4.2\PSoC Creator\psoc\content\CyComponentLibrary\CyComponentLibrary.cylib\bI2S_v2_70\bI2S_v2_70.v'
Flattening file 'D:\Program\Cypress\PSoC Creator\4.2\PSoC Creator\warp\lib\common\cypress.v'
Flattening file 'D:\Program\Cypress\PSoC Creator\4.2\PSoC Creator\warp\lib\common\cy_psoc3_inc.v'

vpp:  No errors.

Library 'work' => directory 'lcpsoc3'
General_symbol_table
General_symbol_table
Linking 'D:\Program\Cypress\PSoC Creator\4.2\PSoC Creator\warp\lib\common\std.vhd'.
Linking 'D:\Program\Cypress\PSoC Creator\4.2\PSoC Creator\warp\lib\common\cypress.vhd'.
Linking 'D:\Program\Cypress\PSoC Creator\4.2\PSoC Creator\warp\lib\common\work\cypress.vif'.
Linking 'D:\Program\Cypress\PSoC Creator\4.2\PSoC Creator\warp\lib\ieee\work\stdlogic.vif'.
Linking 'D:\Program\Cypress\PSoC Creator\4.2\PSoC Creator\warp\lib\common\stdlogic\lpmpkg.vif'.
Linking 'D:\Program\Cypress\PSoC Creator\4.2\PSoC Creator\warp\lib\common\stdlogic\rtlpkg.vif'.
Linking 'D:\Program\Cypress\PSoC Creator\4.2\PSoC Creator\warp\lib\common\stdlogic\mod_cnst.vif'.
Linking 'D:\Program\Cypress\PSoC Creator\4.2\PSoC Creator\warp\lib\common\stdlogic\mod_mthv.vif'.
Linking 'D:\Program\Cypress\PSoC Creator\4.2\PSoC Creator\warp\lib\common\stdlogic\mod_genv.vif'.
Using control file 'TDA1503_Test01.ctl'.
D:\Program\Cypress\PSoC Creator\4.2\PSoC Creator\psoc\content\CyComponentLibrary\CyComponentLibrary.cylib\bI2S_v2_70\bI2S_v2_70.v (line 387, col 104):  Note: Substituting module 'cmp_vv_vv' for '>'.
D:\Program\Cypress\PSoC Creator\4.2\PSoC Creator\psoc\content\CyComponentLibrary\CyComponentLibrary.cylib\bI2S_v2_70\bI2S_v2_70.v (line 389, col 118):  Note: Substituting module 'cmp_vv_vv' for '>'.
D:\Program\Cypress\PSoC Creator\4.2\PSoC Creator\psoc\content\CyComponentLibrary\CyComponentLibrary.cylib\bI2S_v2_70\bI2S_v2_70.v (line 391, col 105):  Note: Substituting module 'cmp_vv_vv' for '>'.
D:\Program\Cypress\PSoC Creator\4.2\PSoC Creator\psoc\content\CyComponentLibrary\CyComponentLibrary.cylib\bI2S_v2_70\bI2S_v2_70.v (line 412, col 63):  Note: Substituting module 'cmp_vv_vv' for '<='.
D:\Program\Cypress\PSoC Creator\4.2\PSoC Creator\psoc\content\CyComponentLibrary\CyComponentLibrary.cylib\bI2S_v2_70\bI2S_v2_70.v (line 412, col 90):  Note: Substituting module 'cmp_vv_vv' for '>='.
D:\Program\Cypress\PSoC Creator\4.2\PSoC Creator\psoc\content\CyComponentLibrary\CyComponentLibrary.cylib\bI2S_v2_70\bI2S_v2_70.v (line 413, col 63):  Note: Substituting module 'cmp_vv_vv' for '<='.
D:\Program\Cypress\PSoC Creator\4.2\PSoC Creator\psoc\content\CyComponentLibrary\CyComponentLibrary.cylib\bI2S_v2_70\bI2S_v2_70.v (line 413, col 90):  Note: Substituting module 'cmp_vv_vv' for '>='.
D:\Program\Cypress\PSoC Creator\4.2\PSoC Creator\psoc\content\CyComponentLibrary\CyComponentLibrary.cylib\bI2S_v2_70\bI2S_v2_70.v (line 414, col 39):  Note: Substituting module 'cmp_vv_vv' for '<='.
D:\Program\Cypress\PSoC Creator\4.2\PSoC Creator\psoc\content\CyComponentLibrary\CyComponentLibrary.cylib\bI2S_v2_70\bI2S_v2_70.v (line 414, col 66):  Note: Substituting module 'cmp_vv_vv' for '>='.
D:\Program\Cypress\PSoC Creator\4.2\PSoC Creator\psoc\content\CyComponentLibrary\CyComponentLibrary.cylib\bI2S_v2_70\bI2S_v2_70.v (line 415, col 63):  Note: Substituting module 'cmp_vv_vv' for '<='.
D:\Program\Cypress\PSoC Creator\4.2\PSoC Creator\psoc\content\CyComponentLibrary\CyComponentLibrary.cylib\bI2S_v2_70\bI2S_v2_70.v (line 415, col 90):  Note: Substituting module 'cmp_vv_vv' for '>='.
Linking 'D:\Program\Cypress\PSoC Creator\4.2\PSoC Creator\warp\lib\common\stdlogic\cy_psoc3pkg.vif'.
Linking 'D:\Program\Cypress\PSoC Creator\4.2\PSoC Creator\warp\lib\common\stdlogic\cy_psoc3.vif'.

vlogfe:  No errors.


======================================================================
Compiling:  TDA1503_Test01.v
Program  :   tovif
Options  :    -yv2 -q10 -ygs -o2 -v3 -.fftcfgtype=LE -ya -.fftprj=D:\Users\gizmo\Documents\Develop\TDA1543A\PSoC\I2S_Test\TDA1503_Test01.cydsn\TDA1503_Test01.cyprj -dcpsoc3 -verilog TDA1503_Test01.v
======================================================================

tovif V6.3 IR 41:  High-level synthesis
Tue May 07 18:21:15 2019

Linking 'D:\Program\Cypress\PSoC Creator\4.2\PSoC Creator\warp\lib\common\std.vhd'.
Linking 'D:\Program\Cypress\PSoC Creator\4.2\PSoC Creator\warp\lib\common\cypress.vhd'.
Linking 'D:\Program\Cypress\PSoC Creator\4.2\PSoC Creator\warp\lib\common\work\cypress.vif'.
Linking 'D:\Program\Cypress\PSoC Creator\4.2\PSoC Creator\warp\lib\ieee\work\stdlogic.vif'.
Linking 'D:\Program\Cypress\PSoC Creator\4.2\PSoC Creator\warp\lib\common\stdlogic\lpmpkg.vif'.
Linking 'D:\Program\Cypress\PSoC Creator\4.2\PSoC Creator\warp\lib\common\stdlogic\rtlpkg.vif'.
Linking 'D:\Program\Cypress\PSoC Creator\4.2\PSoC Creator\warp\lib\common\stdlogic\mod_cnst.vif'.
Linking 'D:\Program\Cypress\PSoC Creator\4.2\PSoC Creator\warp\lib\common\stdlogic\mod_mthv.vif'.
Linking 'D:\Program\Cypress\PSoC Creator\4.2\PSoC Creator\warp\lib\common\stdlogic\mod_genv.vif'.
Linking 'D:\Users\gizmo\Documents\Develop\TDA1543A\PSoC\I2S_Test\TDA1503_Test01.cydsn\codegentemp\TDA1503_Test01.ctl'.
Linking 'D:\Program\Cypress\PSoC Creator\4.2\PSoC Creator\psoc\content\CyComponentLibrary\CyComponentLibrary.cylib\bI2S_v2_70\bI2S_v2_70.v'.
Linking 'D:\Program\Cypress\PSoC Creator\4.2\PSoC Creator\warp\lib\common\cypress.v'.
Linking 'D:\Program\Cypress\PSoC Creator\4.2\PSoC Creator\warp\lib\common\cy_psoc3_inc.v'.
Linking 'D:\Users\gizmo\Documents\Develop\TDA1543A\PSoC\I2S_Test\TDA1503_Test01.cydsn\codegentemp\TDA1503_Test01.v'.
Linking 'D:\Program\Cypress\PSoC Creator\4.2\PSoC Creator\warp\lib\common\stdlogic\cy_psoc3pkg.vif'.
Linking 'D:\Program\Cypress\PSoC Creator\4.2\PSoC Creator\warp\lib\common\stdlogic\cy_psoc3.vif'.

tovif:  No errors.


======================================================================
Compiling:  TDA1503_Test01.v
Program  :   topld
Options  :    -yv2 -q10 -ygs -o2 -v3 -.fftcfgtype=LE -ya -.fftprj=D:\Users\gizmo\Documents\Develop\TDA1543A\PSoC\I2S_Test\TDA1503_Test01.cydsn\TDA1503_Test01.cyprj -dcpsoc3 -verilog TDA1503_Test01.v
======================================================================

topld V6.3 IR 41:  Synthesis and optimization
Tue May 07 18:21:15 2019

Linking 'D:\Program\Cypress\PSoC Creator\4.2\PSoC Creator\warp\lib\common\std.vhd'.
Linking 'D:\Program\Cypress\PSoC Creator\4.2\PSoC Creator\warp\lib\common\cypress.vhd'.
Linking 'D:\Program\Cypress\PSoC Creator\4.2\PSoC Creator\warp\lib\common\work\cypress.vif'.
Linking 'D:\Program\Cypress\PSoC Creator\4.2\PSoC Creator\warp\lib\ieee\work\stdlogic.vif'.
Linking 'D:\Program\Cypress\PSoC Creator\4.2\PSoC Creator\warp\lib\common\stdlogic\lpmpkg.vif'.
Linking 'D:\Program\Cypress\PSoC Creator\4.2\PSoC Creator\warp\lib\common\stdlogic\rtlpkg.vif'.
Linking 'D:\Program\Cypress\PSoC Creator\4.2\PSoC Creator\warp\lib\common\stdlogic\mod_cnst.vif'.
Linking 'D:\Program\Cypress\PSoC Creator\4.2\PSoC Creator\warp\lib\common\stdlogic\mod_mthv.vif'.
Linking 'D:\Program\Cypress\PSoC Creator\4.2\PSoC Creator\warp\lib\common\stdlogic\mod_genv.vif'.
Linking 'D:\Users\gizmo\Documents\Develop\TDA1543A\PSoC\I2S_Test\TDA1503_Test01.cydsn\codegentemp\TDA1503_Test01.ctl'.
Linking 'D:\Program\Cypress\PSoC Creator\4.2\PSoC Creator\psoc\content\CyComponentLibrary\CyComponentLibrary.cylib\bI2S_v2_70\bI2S_v2_70.v'.
Linking 'D:\Program\Cypress\PSoC Creator\4.2\PSoC Creator\warp\lib\common\cypress.v'.
Linking 'D:\Program\Cypress\PSoC Creator\4.2\PSoC Creator\warp\lib\common\cy_psoc3_inc.v'.
Linking 'D:\Users\gizmo\Documents\Develop\TDA1543A\PSoC\I2S_Test\TDA1503_Test01.cydsn\codegentemp\TDA1503_Test01.v'.
Linking 'D:\Program\Cypress\PSoC Creator\4.2\PSoC Creator\warp\lib\common\stdlogic\cy_psoc3pkg.vif'.
Linking 'D:\Program\Cypress\PSoC Creator\4.2\PSoC Creator\warp\lib\common\stdlogic\cy_psoc3.vif'.
Linking 'D:\Program\Cypress\PSoC Creator\4.2\PSoC Creator\warp\lib\lcpsoc3\stdlogic\cpsoc3.vif'.

----------------------------------------------------------
Detecting unused logic.
----------------------------------------------------------
    User names
	\I2S_1:bI2S:dyn_data_width_1\
	\I2S_1:bI2S:dyn_data_width_0\
	\I2S_1:bI2S:tx_stereo_data\
	\I2S_1:bI2S:rx_lch_active\
	\I2S_1:bI2S:rx_rch_active\
	\I2S_1:bI2S:rx_stereo_data\
	\I2S_1:bI2S:data_width_24\
	\I2S_1:bI2S:data_width_32\
	\I2S_1:bI2S:tx_lch_load_3\
	\I2S_1:bI2S:tx_lch_load_2\
	\I2S_1:bI2S:tx_rch_load_3\
	\I2S_1:bI2S:tx_rch_load_2\
	\I2S_1:bI2S:rx_lch_load_3\
	\I2S_1:bI2S:rx_lch_load_2\
	\I2S_1:bI2S:rx_lch_load_1\
	\I2S_1:bI2S:rx_lch_load_0\
	\I2S_1:bI2S:rx_rch_load_3\
	\I2S_1:bI2S:rx_rch_load_2\
	\I2S_1:bI2S:rx_rch_load_1\
	\I2S_1:bI2S:rx_rch_load_0\
	\I2S_1:bI2S:data_trunc\
	\I2S_1:bI2S:tx_swap_done\
	\I2S_1:rx_line_4\
	\I2S_1:rx_line_3\
	\I2S_1:rx_line_2\
	\I2S_1:rx_line_1\
	\I2S_1:rx_line_0\
	\I2S_1:sdo_4\
	\I2S_1:sdo_3\
	\I2S_1:sdo_2\
	\I2S_1:sdo_1\
	\I2S_1:rx_dma0_4\
	\I2S_1:rx_dma0_3\
	\I2S_1:rx_dma0_2\
	\I2S_1:rx_dma0_1\
	Net_6_0
	\I2S_1:rx_dma1_4\
	\I2S_1:rx_dma1_3\
	\I2S_1:rx_dma1_2\
	\I2S_1:rx_dma1_1\
	Net_7_0
	\I2S_1:tx_dma0_4\
	\I2S_1:tx_dma0_3\
	\I2S_1:tx_dma0_2\
	\I2S_1:tx_dma0_1\
	\I2S_1:tx_dma1_4\
	\I2S_1:tx_dma1_3\
	\I2S_1:tx_dma1_2\
	\I2S_1:tx_dma1_1\
	\I2S_1:clip_4\
	\I2S_1:clip_3\
	\I2S_1:clip_2\
	\I2S_1:clip_1\
	Net_12_0


Deleted 54 User equations/components.
Deleted 0 Synthesized equations/components.

------------------------------------------------------
Alias Detection
------------------------------------------------------
Aliasing \I2S_1:bI2S:tx_lch_active\ to one
Aliasing \I2S_1:bI2S:tx_rch_active\ to one
Aliasing \I2S_1:bI2S:data_width_8\ to one
Aliasing \I2S_1:bI2S:data_width_16\ to one
Aliasing \I2S_1:bI2S:Tx:STS[0]:status_5\ to zero
Aliasing \I2S_1:bI2S:Tx:STS[0]:status_4\ to zero
Aliasing \I2S_1:bI2S:Tx:STS[0]:status_3\ to zero
Aliasing \I2S_1:tx_drq0_0\ to \I2S_1:bI2S:Tx:STS[0]:status_1\
Aliasing \I2S_1:tx_drq1_0\ to \I2S_1:bI2S:Tx:STS[0]:status_2\
Aliasing tmpOE__SDO_1_net_0 to one
Aliasing tmpOE__SCK_1_net_0 to one
Aliasing tmpOE__WS_1_net_0 to one
Aliasing tmpOE__Pin_I2S_Clock_net_0 to one
Aliasing tmpOE__Pin_Check_0_net_0 to one
Aliasing tmpOE__Pin_Check_1_net_0 to one
Aliasing \I2S_1:bI2S:tx_swap_done_reg\\D\ to zero
Aliasing \I2S_1:bI2S:d0_load\\D\ to zero
Aliasing \I2S_1:bI2S:tx_int_reg\\D\ to Net_11
Removing Lhs of wire \I2S_1:bI2S:ctrl_2\[14] = \I2S_1:bI2S:ctrl_reg_out_2\[11]
Removing Lhs of wire \I2S_1:bI2S:enable\[17] = \I2S_1:bI2S:ctrl_reg_out_2\[11]
Removing Rhs of wire Net_3[28] = \I2S_1:bI2S:count_0\[26]
Removing Rhs of wire Net_4[29] = \I2S_1:bI2S:channel\[27]
Removing Lhs of wire \I2S_1:bI2S:tx_lch_active\[30] = one[2]
Removing Lhs of wire \I2S_1:bI2S:tx_rch_active\[31] = one[2]
Removing Lhs of wire \I2S_1:bI2S:data_width_8\[36] = one[2]
Removing Lhs of wire \I2S_1:bI2S:data_width_16\[37] = one[2]
Removing Lhs of wire \I2S_1:bI2S:tx_lch_load_1\[42] = one[2]
Removing Lhs of wire \I2S_1:bI2S:tx_lch_load_0\[43] = one[2]
Removing Lhs of wire \I2S_1:bI2S:tx_rch_load_1\[46] = one[2]
Removing Lhs of wire \I2S_1:bI2S:tx_rch_load_0\[47] = one[2]
Removing Lhs of wire \I2S_1:bI2S:ctrl_0\[57] = \I2S_1:bI2S:ctrl_reg_out_0\[13]
Removing Lhs of wire \I2S_1:bI2S:Tx:STS[0]:status_0\[67] = \I2S_1:bI2S:tx_underflow_0\[59]
Removing Lhs of wire \I2S_1:bI2S:Tx:STS[0]:status_1\[68] = \I2S_1:bI2S:tx_f0_n_full_0\[69]
Removing Lhs of wire \I2S_1:bI2S:Tx:STS[0]:status_2\[70] = \I2S_1:bI2S:tx_f1_n_full_0\[71]
Removing Lhs of wire \I2S_1:bI2S:Tx:STS[0]:status_5\[72] = zero[5]
Removing Lhs of wire \I2S_1:bI2S:Tx:STS[0]:status_4\[73] = zero[5]
Removing Lhs of wire \I2S_1:bI2S:Tx:STS[0]:status_3\[74] = zero[5]
Removing Rhs of wire Net_11[78] = \I2S_1:bI2S:tx_int_out_0\[76]
Removing Rhs of wire \I2S_1:tx_drq0_0\[81] = \I2S_1:bI2S:tx_f0_n_full_0\[69]
Removing Rhs of wire \I2S_1:tx_drq1_0\[82] = \I2S_1:bI2S:tx_f1_n_full_0\[71]
Removing Rhs of wire Net_5_0[126] = \I2S_1:tx_line_0\[83]
Removing Rhs of wire Net_16_0[155] = \I2S_1:tx_drq0_0\[81]
Removing Rhs of wire Net_19_0[164] = \I2S_1:tx_drq1_0\[82]
Removing Lhs of wire tmpOE__SDO_1_net_0[176] = one[2]
Removing Lhs of wire tmpOE__SCK_1_net_0[182] = one[2]
Removing Lhs of wire tmpOE__WS_1_net_0[188] = one[2]
Removing Lhs of wire tmpOE__Pin_I2S_Clock_net_0[202] = one[2]
Removing Lhs of wire tmpOE__Pin_Check_0_net_0[208] = one[2]
Removing Lhs of wire tmpOE__Pin_Check_1_net_0[214] = one[2]
Removing Lhs of wire \I2S_1:bI2S:tx_swap_done_reg\\D\[223] = zero[5]
Removing Lhs of wire \I2S_1:bI2S:d0_load\\D\[224] = zero[5]
Removing Lhs of wire \I2S_1:bI2S:tx_int_reg\\D\[228] = Net_11[78]

------------------------------------------------------
Aliased 0 equations, 34 wires.
------------------------------------------------------

----------------------------------------------------------
Circuit simplification
----------------------------------------------------------

Substituting virtuals - pass 1:

Note:  Expanding virtual equation for 'one' (cost = 0):
one <=  ('1') ;

Note:  Expanding virtual equation for '\I2S_1:bI2S:tx_underflow_0\' (cost = 2):
\I2S_1:bI2S:tx_underflow_0\ <= ((not \I2S_1:bI2S:tx_state_1\ and not \I2S_1:bI2S:tx_state_0\ and \I2S_1:bI2S:tx_state_2\ and \I2S_1:bI2S:tx_f1_empty_0\)
	OR (not \I2S_1:bI2S:tx_state_2\ and not \I2S_1:bI2S:tx_state_1\ and \I2S_1:bI2S:tx_state_0\ and \I2S_1:bI2S:tx_f0_empty_0\));


Substituting virtuals - pass 2:


----------------------------------------------------------
Circuit simplification results:

	Expanded 2 signals.
	Turned 0 signals into soft nodes.
	Maximum default expansion cost was set at 3.
----------------------------------------------------------

------------------------------------------------------
Alias Detection
------------------------------------------------------

------------------------------------------------------
Aliased 0 equations, 0 wires.
------------------------------------------------------

Last attempt to remove unused logic - pass 1:


Last attempt to remove unused logic - pass 2:


topld:  No errors.

CYPRESS_DIR    : D:\Program\Cypress\PSoC Creator\4.2\PSoC Creator\warp
Warp Program   : D:\Program\Cypress\PSoC Creator\4.2\PSoC Creator\warp\bin\warp.exe
Warp Arguments : -yv2 -q10 -ygs -o2 -v3 -.fftcfgtype=LE -ya -.fftprj=D:\Users\gizmo\Documents\Develop\TDA1543A\PSoC\I2S_Test\TDA1503_Test01.cydsn\TDA1503_Test01.cyprj -dcpsoc3 TDA1503_Test01.v -verilog
</CYPRESSTAG>
Warp synthesis phase: Elapsed time ==> 0s.687ms
<CYPRESSTAG name="Fitter results...">
<CYPRESSTAG name="Fitter startup details...">
cyp3fit: V4.2.0.641, Family: PSoC3, Started at: Tuesday, 07 May 2019 18:21:15
Options: -yv2 -q10 -ygs -o2 -v3 -.fftcfgtype=LE -ya -.fftprj=D:\Users\gizmo\Documents\Develop\TDA1543A\PSoC\I2S_Test\TDA1503_Test01.cydsn\TDA1503_Test01.cyprj -d CY8C5888LTI-LP097 TDA1503_Test01.v -verilog
</CYPRESSTAG>
<CYPRESSTAG name="Design parsing">
Design parsing phase: Elapsed time ==> 0s.014ms
</CYPRESSTAG>
<CYPRESSTAG name="Tech Mapping">
<CYPRESSTAG name="Initial Mapping" icon="FILE_RPT_TECHM">
    Converted constant MacroCell: \I2S_1:bI2S:tx_swap_done_reg\ from registered to combinatorial
    Converted constant MacroCell: \I2S_1:bI2S:d0_load\ from registered to combinatorial
<CYPRESSTAG name="Global Clock Selection" icon="FILE_RPT_TECHM">
    Digital Clock 0: Automatic-assigning  clock 'Clock_1'. Fanout=2, Signal=Net_1
</CYPRESSTAG>

Removing unused cells resulting from optimization
Done removing unused cells.
<CYPRESSTAG name="UDB Clock/Enable Remapping Results">
    UDB Clk/Enable \I2S_1:bI2S:ClkSync\: with output requested to be synchronous
        ClockIn: Clock_1 was determined to be a global clock that is synchronous to BUS_CLK
        EnableIn: Constant 1 was determined to be synchronous to ClockIn
        ClockOut: Clock_1, EnableOut: Constant 1
</CYPRESSTAG>

Removing unused cells resulting from optimization
Done removing unused cells.
<CYPRESSTAG name="Duplicate Macrocell detection">
</CYPRESSTAG>
</CYPRESSTAG>
<CYPRESSTAG name="Duplicate Macrocell detection">
</CYPRESSTAG>
<CYPRESSTAG name="Design Equations" icon="FILE_RPT_EQUATION">

------------------------------------------------------------
Design Equations
------------------------------------------------------------
    <CYPRESSTAG name="Pin listing">

    ------------------------------------------------------------
    Pin listing
    ------------------------------------------------------------

    Pin : Name = SDO_1(0)
        Attributes:
            In Group/Port: True
            In Sync Option: AUTO
            Out Sync Option: NOSYNC
            Interrupt generated: False
            Interrupt mode: NONE
            Drive mode: CMOS_OUT
            VTrip: EITHER
            Slew: FAST
            Input Sync needed: False
            Output Sync needed: False
            SC shield enabled: False
            POR State: ANY
            LCD Mode: COMMON
            Register Mode: RegComb
            CaSense Mode: NEITHER
            Treat as pin: True
            Is OE Registered: False
            Uses Analog: False
            Can contain Digital: True
            Is SIO: False
            SIO Output Buf: NONREGULATED
            SIO Input Buf: SINGLE_ENDED
            SIO HiFreq: LOW
            SIO Hyst: DISABLED
            SIO Vtrip: MULTIPLIER_0_5
            SIO Multiplier Index: 0
            SIO RefSel: VCC_IO
            Required Capabilities: DIGITAL, ROUTABLE
            Initial Value: 0
            IO Voltage: 0
        PORT MAP (
            pa_out => SDO_1(0)__PA ,
            pin_input => Net_5_0 ,
            pad => SDO_1(0)_PAD );
        Properties:
        {
        }

    Pin : Name = SCK_1(0)
        Attributes:
            In Group/Port: True
            In Sync Option: AUTO
            Out Sync Option: NOSYNC
            Interrupt generated: False
            Interrupt mode: NONE
            Drive mode: CMOS_OUT
            VTrip: EITHER
            Slew: FAST
            Input Sync needed: False
            Output Sync needed: False
            SC shield enabled: False
            POR State: ANY
            LCD Mode: COMMON
            Register Mode: RegComb
            CaSense Mode: NEITHER
            Treat as pin: True
            Is OE Registered: False
            Uses Analog: False
            Can contain Digital: True
            Is SIO: False
            SIO Output Buf: NONREGULATED
            SIO Input Buf: SINGLE_ENDED
            SIO HiFreq: LOW
            SIO Hyst: DISABLED
            SIO Vtrip: MULTIPLIER_0_5
            SIO Multiplier Index: 0
            SIO RefSel: VCC_IO
            Required Capabilities: DIGITAL, ROUTABLE
            Initial Value: 0
            IO Voltage: 0
        PORT MAP (
            pa_out => SCK_1(0)__PA ,
            pin_input => Net_3 ,
            pad => SCK_1(0)_PAD );
        Properties:
        {
        }

    Pin : Name = WS_1(0)
        Attributes:
            In Group/Port: True
            In Sync Option: AUTO
            Out Sync Option: NOSYNC
            Interrupt generated: False
            Interrupt mode: NONE
            Drive mode: CMOS_OUT
            VTrip: EITHER
            Slew: FAST
            Input Sync needed: False
            Output Sync needed: False
            SC shield enabled: False
            POR State: ANY
            LCD Mode: COMMON
            Register Mode: RegComb
            CaSense Mode: NEITHER
            Treat as pin: True
            Is OE Registered: False
            Uses Analog: False
            Can contain Digital: True
            Is SIO: False
            SIO Output Buf: NONREGULATED
            SIO Input Buf: SINGLE_ENDED
            SIO HiFreq: LOW
            SIO Hyst: DISABLED
            SIO Vtrip: MULTIPLIER_0_5
            SIO Multiplier Index: 0
            SIO RefSel: VCC_IO
            Required Capabilities: DIGITAL, ROUTABLE
            Initial Value: 0
            IO Voltage: 0
        PORT MAP (
            pa_out => WS_1(0)__PA ,
            pin_input => Net_4 ,
            pad => WS_1(0)_PAD );
        Properties:
        {
        }

    Pin : Name = Pin_I2S_Clock(0)
        Attributes:
            In Group/Port: True
            In Sync Option: AUTO
            Out Sync Option: NOSYNC
            Interrupt generated: False
            Interrupt mode: NONE
            Drive mode: CMOS_OUT
            VTrip: EITHER
            Slew: FAST
            Input Sync needed: False
            Output Sync needed: False
            SC shield enabled: False
            POR State: ANY
            LCD Mode: COMMON
            Register Mode: RegComb
            CaSense Mode: NEITHER
            Treat as pin: True
            Is OE Registered: False
            Uses Analog: False
            Can contain Digital: True
            Is SIO: False
            SIO Output Buf: NONREGULATED
            SIO Input Buf: SINGLE_ENDED
            SIO HiFreq: LOW
            SIO Hyst: DISABLED
            SIO Vtrip: MULTIPLIER_0_5
            SIO Multiplier Index: 0
            SIO RefSel: VCC_IO
            Required Capabilities: DIGITAL, ROUTABLE
            Initial Value: 0
            IO Voltage: 0
        PORT MAP (
            pa_out => Pin_I2S_Clock(0)__PA ,
            pin_input => Net_1_local ,
            pad => Pin_I2S_Clock(0)_PAD );
        Properties:
        {
        }

    Pin : Name = Pin_Check_0(0)
        Attributes:
            In Group/Port: True
            In Sync Option: AUTO
            Out Sync Option: NOSYNC
            Interrupt generated: False
            Interrupt mode: NONE
            Drive mode: CMOS_OUT
            VTrip: EITHER
            Slew: FAST
            Input Sync needed: False
            Output Sync needed: False
            SC shield enabled: False
            POR State: ANY
            LCD Mode: COMMON
            Register Mode: RegComb
            CaSense Mode: NEITHER
            Treat as pin: True
            Is OE Registered: False
            Uses Analog: False
            Can contain Digital: True
            Is SIO: False
            SIO Output Buf: NONREGULATED
            SIO Input Buf: SINGLE_ENDED
            SIO HiFreq: LOW
            SIO Hyst: DISABLED
            SIO Vtrip: MULTIPLIER_0_5
            SIO Multiplier Index: 0
            SIO RefSel: VCC_IO
            Required Capabilities: DIGITAL
            Initial Value: 0
            IO Voltage: 0
        PORT MAP (
            pa_out => Pin_Check_0(0)__PA ,
            pad => Pin_Check_0(0)_PAD );
        Properties:
        {
        }

    Pin : Name = Pin_Check_1(0)
        Attributes:
            In Group/Port: True
            In Sync Option: AUTO
            Out Sync Option: NOSYNC
            Interrupt generated: False
            Interrupt mode: NONE
            Drive mode: CMOS_OUT
            VTrip: EITHER
            Slew: FAST
            Input Sync needed: False
            Output Sync needed: False
            SC shield enabled: False
            POR State: ANY
            LCD Mode: COMMON
            Register Mode: RegComb
            CaSense Mode: NEITHER
            Treat as pin: True
            Is OE Registered: False
            Uses Analog: False
            Can contain Digital: True
            Is SIO: False
            SIO Output Buf: NONREGULATED
            SIO Input Buf: SINGLE_ENDED
            SIO HiFreq: LOW
            SIO Hyst: DISABLED
            SIO Vtrip: MULTIPLIER_0_5
            SIO Multiplier Index: 0
            SIO RefSel: VCC_IO
            Required Capabilities: DIGITAL
            Initial Value: 0
            IO Voltage: 0
        PORT MAP (
            pa_out => Pin_Check_1(0)__PA ,
            pad => Pin_Check_1(0)_PAD );
        Properties:
        {
        }
    </CYPRESSTAG>
    <CYPRESSTAG name="Macrocell listing" icon="FILE_RPT_EQUATION">

    ------------------------------------------------------------
    Macrocell listing
    ------------------------------------------------------------

    MacroCell: Name=\I2S_1:bI2S:tx_underflow_0\, Mode=(Combinatorial)
        Total # of inputs        : 5
        Total # of product terms : 2
            Clock Enable: True
        Main Equation            : 2 pterms
        (
              !\I2S_1:bI2S:tx_state_2\ * !\I2S_1:bI2S:tx_state_1\ * 
              \I2S_1:bI2S:tx_state_0\ * \I2S_1:bI2S:tx_f0_empty_0\
            + \I2S_1:bI2S:tx_state_2\ * !\I2S_1:bI2S:tx_state_1\ * 
              !\I2S_1:bI2S:tx_state_0\ * \I2S_1:bI2S:tx_f1_empty_0\
        );
        Output = \I2S_1:bI2S:tx_underflow_0\ (fanout=1)

    MacroCell: Name=\I2S_1:bI2S:reset\, Mode=(D-Register)
        Total # of inputs        : 1
        Total # of product terms : 1
        List of special equations: 
            Clock  = (Net_1) => Global
            Clock Enable: True
        Main Equation            : 1 pterm
        (
              !\I2S_1:bI2S:ctrl_reg_out_2\
        );
        Output = \I2S_1:bI2S:reset\ (fanout=1)

    MacroCell: Name=Net_4, Mode=(D-Register)
        Total # of inputs        : 2
        Total # of product terms : 1
        List of special equations: 
            Clock  = (Net_1) => Global
            Clock Enable: True
        Main Equation            : 1 pterm
        (
              !\I2S_1:bI2S:reset\ * !\I2S_1:bI2S:count_5\
        );
        Output = Net_4 (fanout=1)

    MacroCell: Name=\I2S_1:bI2S:tx_underflow_sticky\, Mode=(D-Register)
        Total # of inputs        : 7
        Total # of product terms : 3
        List of special equations: 
            Clock  = (Net_1) => Global
            Clock Enable: True
        Main Equation            : 3 pterms
        (
              \I2S_1:bI2S:ctrl_reg_out_0\ * \I2S_1:bI2S:tx_underflow_sticky\
            + \I2S_1:bI2S:ctrl_reg_out_0\ * !\I2S_1:bI2S:tx_state_2\ * 
              !\I2S_1:bI2S:tx_state_1\ * \I2S_1:bI2S:tx_state_0\ * 
              \I2S_1:bI2S:tx_f0_empty_0\
            + \I2S_1:bI2S:ctrl_reg_out_0\ * \I2S_1:bI2S:tx_state_2\ * 
              !\I2S_1:bI2S:tx_state_1\ * !\I2S_1:bI2S:tx_state_0\ * 
              \I2S_1:bI2S:tx_f1_empty_0\
        );
        Output = \I2S_1:bI2S:tx_underflow_sticky\ (fanout=2)

    MacroCell: Name=\I2S_1:bI2S:txenable\, Mode=(D-Register)
        Total # of inputs        : 11
        Total # of product terms : 8
        List of special equations: 
            Clock  = (Net_1) => Global
            Clock Enable: True
        Main Equation            : 8 pterms
        (
              \I2S_1:bI2S:ctrl_reg_out_2\ * \I2S_1:bI2S:count_6\ * 
              !\I2S_1:bI2S:tx_underflow_sticky\ * \I2S_1:bI2S:txenable\
            + \I2S_1:bI2S:ctrl_reg_out_2\ * \I2S_1:bI2S:count_5\ * 
              !\I2S_1:bI2S:tx_underflow_sticky\ * \I2S_1:bI2S:txenable\
            + \I2S_1:bI2S:ctrl_reg_out_2\ * \I2S_1:bI2S:count_4\ * 
              !\I2S_1:bI2S:tx_underflow_sticky\ * \I2S_1:bI2S:txenable\
            + \I2S_1:bI2S:ctrl_reg_out_2\ * \I2S_1:bI2S:count_3\ * 
              !\I2S_1:bI2S:tx_underflow_sticky\ * \I2S_1:bI2S:txenable\
            + \I2S_1:bI2S:ctrl_reg_out_2\ * \I2S_1:bI2S:count_2\ * 
              !\I2S_1:bI2S:tx_underflow_sticky\ * \I2S_1:bI2S:txenable\
            + \I2S_1:bI2S:ctrl_reg_out_2\ * \I2S_1:bI2S:count_1\ * 
              !\I2S_1:bI2S:tx_underflow_sticky\ * \I2S_1:bI2S:txenable\
            + \I2S_1:bI2S:ctrl_reg_out_2\ * Net_3 * 
              !\I2S_1:bI2S:tx_underflow_sticky\ * \I2S_1:bI2S:txenable\
            + \I2S_1:bI2S:ctrl_reg_out_0\ * !\I2S_1:bI2S:count_6\ * 
              !\I2S_1:bI2S:count_5\ * !\I2S_1:bI2S:count_4\ * 
              !\I2S_1:bI2S:count_3\ * !\I2S_1:bI2S:count_2\ * 
              !\I2S_1:bI2S:count_1\ * !Net_3 * 
              !\I2S_1:bI2S:tx_underflow_sticky\
        );
        Output = \I2S_1:bI2S:txenable\ (fanout=4)

    MacroCell: Name=\I2S_1:bI2S:tx_state_2\, Mode=(D-Register)
        Total # of inputs        : 8
        Total # of product terms : 3
        List of special equations: 
            Clock  = (Net_1) => Global
            Clock Enable: True
        Main Equation            : 3 pterms
        (
              !\I2S_1:bI2S:count_5\ * \I2S_1:bI2S:count_3\ * 
              \I2S_1:bI2S:count_2\ * \I2S_1:bI2S:count_1\ * 
              !\I2S_1:bI2S:tx_state_1\ * !\I2S_1:bI2S:tx_state_0\
            + !\I2S_1:bI2S:txenable\
            + \I2S_1:bI2S:tx_state_2\ * !\I2S_1:bI2S:tx_state_1\ * 
              !\I2S_1:bI2S:tx_state_0\
        );
        Output = \I2S_1:bI2S:tx_state_2\ (fanout=6)

    MacroCell: Name=\I2S_1:bI2S:tx_state_1\, Mode=(D-Register)
        Total # of inputs        : 7
        Total # of product terms : 4
        List of special equations: 
            Clock  = (Net_1) => Global
            Clock Enable: True
        Main Equation            : 4 pterms
        !(
              \I2S_1:bI2S:count_3\ * \I2S_1:bI2S:count_2\ * 
              \I2S_1:bI2S:count_1\ * \I2S_1:bI2S:txenable\ * 
              !\I2S_1:bI2S:tx_state_2\
            + \I2S_1:bI2S:txenable\ * !\I2S_1:bI2S:tx_state_2\ * 
              \I2S_1:bI2S:tx_state_0\
            + \I2S_1:bI2S:txenable\ * \I2S_1:bI2S:tx_state_2\ * 
              !\I2S_1:bI2S:tx_state_0\
            + \I2S_1:bI2S:txenable\ * \I2S_1:bI2S:tx_state_1\
        );
        Output = \I2S_1:bI2S:tx_state_1\ (fanout=6)

    MacroCell: Name=\I2S_1:bI2S:tx_state_0\, Mode=(D-Register)
        Total # of inputs        : 8
        Total # of product terms : 4
        List of special equations: 
            Clock  = (Net_1) => Global
            Clock Enable: True
        Main Equation            : 4 pterms
        (
              \I2S_1:bI2S:count_5\ * \I2S_1:bI2S:count_3\ * 
              \I2S_1:bI2S:count_2\ * \I2S_1:bI2S:count_1\ * 
              !\I2S_1:bI2S:tx_state_1\ * !\I2S_1:bI2S:tx_state_0\
            + !\I2S_1:bI2S:txenable\
            + \I2S_1:bI2S:tx_state_2\ * !\I2S_1:bI2S:tx_state_1\ * 
              !\I2S_1:bI2S:tx_state_0\
            + \I2S_1:bI2S:tx_state_2\ * \I2S_1:bI2S:tx_state_1\ * 
              \I2S_1:bI2S:tx_state_0\
        );
        Output = \I2S_1:bI2S:tx_state_0\ (fanout=6)

    MacroCell: Name=Net_5_0, Mode=(D-Register)
        Total # of inputs        : 3
        Total # of product terms : 2
        List of special equations: 
            Clock  = (Net_1) => Global
            Clock Enable: True
        Main Equation            : 2 pterms
        (
              !Net_3 * Net_5_0
            + Net_3 * \I2S_1:bI2S:tx_data_out_0\
        );
        Output = Net_5_0 (fanout=2)
    </CYPRESSTAG>
    <CYPRESSTAG name="Datapath listing">

    ------------------------------------------------------------
    Datapath listing
    ------------------------------------------------------------

    datapathcell: Name =\I2S_1:bI2S:Tx:CH[0]:dpTx:u0\
        PORT MAP (
            clock => Net_1 ,
            cs_addr_2 => \I2S_1:bI2S:tx_state_2\ ,
            cs_addr_1 => \I2S_1:bI2S:tx_state_1\ ,
            cs_addr_0 => \I2S_1:bI2S:tx_state_0\ ,
            so_comb => \I2S_1:bI2S:tx_data_out_0\ ,
            f0_bus_stat_comb => Net_16_0 ,
            f0_blk_stat_comb => \I2S_1:bI2S:tx_f0_empty_0\ ,
            f1_bus_stat_comb => Net_19_0 ,
            f1_blk_stat_comb => \I2S_1:bI2S:tx_f1_empty_0\ );
        Properties:
        {
            a0_init = "00000000"
            a1_init = "00000000"
            ce0_sync = 1
            ce1_sync = 1
            cl0_sync = 1
            cl1_sync = 1
            cmsb_sync = 1
            co_msb_sync = 1
            cy_dpconfig = "0000000000000000000000001100000000000001010000000000000010000000000000000011000000010000010000000000000000010000101010000100000011111111000000001111111111111111000000000000000000000000000000000000000000000100"
            d0_init = "00000000"
            d1_init = "00000000"
            f0_blk_sync = 1
            f0_bus_sync = 1
            f1_blk_sync = 1
            f1_bus_sync = 1
            ff0_sync = 1
            ff1_sync = 1
            ov_msb_sync = 1
            so_sync = 1
            z0_sync = 1
            z1_sync = 1
        }
        Clock Polarity: Active High
        Clock Enable: True
    </CYPRESSTAG>
    <CYPRESSTAG name="Status register listing">
    </CYPRESSTAG>
    <CYPRESSTAG name="StatusI register listing">

    ------------------------------------------------------------
    StatusI register listing
    ------------------------------------------------------------

    statusicell: Name =\I2S_1:bI2S:Tx:STS[0]:Sts\
        PORT MAP (
            clock => Net_1 ,
            status_2 => Net_19_0 ,
            status_1 => Net_16_0 ,
            status_0 => \I2S_1:bI2S:tx_underflow_0\ ,
            interrupt => Net_11 );
        Properties:
        {
            cy_force_order = 1
            cy_int_mask = "0000000"
            cy_md_select = "0000001"
        }
        Clock Polarity: Active High
        Clock Enable: True
    </CYPRESSTAG>
    <CYPRESSTAG name="Sync listing">
    </CYPRESSTAG>
    <CYPRESSTAG name="Control register listing">

    ------------------------------------------------------------
    Control register listing
    ------------------------------------------------------------

    controlcell: Name =\I2S_1:bI2S:CtlReg\
        PORT MAP (
            clock => Net_1 ,
            control_7 => \I2S_1:bI2S:ctrl_reg_out_7\ ,
            control_6 => \I2S_1:bI2S:ctrl_reg_out_6\ ,
            control_5 => \I2S_1:bI2S:ctrl_reg_out_5\ ,
            control_4 => \I2S_1:bI2S:ctrl_reg_out_4\ ,
            control_3 => \I2S_1:bI2S:ctrl_reg_out_3\ ,
            control_2 => \I2S_1:bI2S:ctrl_reg_out_2\ ,
            control_1 => \I2S_1:bI2S:ctrl_reg_out_1\ ,
            control_0 => \I2S_1:bI2S:ctrl_reg_out_0\ );
        Properties:
        {
            cy_ctrl_mode_0 = "00011111"
            cy_ctrl_mode_1 = "00000000"
            cy_ext_reset = 0
            cy_force_order = 1
            cy_init_value = "00000000"
        }
        Clock Polarity: Active High
        Clock Enable: True
    </CYPRESSTAG>
    <CYPRESSTAG name="Count7 listing">

    ------------------------------------------------------------
    Count7 listing
    ------------------------------------------------------------

    count7cell: Name =\I2S_1:bI2S:BitCounter\
        PORT MAP (
            clock => Net_1 ,
            enable => \I2S_1:bI2S:ctrl_reg_out_2\ ,
            count_6 => \I2S_1:bI2S:count_6\ ,
            count_5 => \I2S_1:bI2S:count_5\ ,
            count_4 => \I2S_1:bI2S:count_4\ ,
            count_3 => \I2S_1:bI2S:count_3\ ,
            count_2 => \I2S_1:bI2S:count_2\ ,
            count_1 => \I2S_1:bI2S:count_1\ ,
            count_0 => Net_3 );
        Properties:
        {
            cy_alt_mode = 0
            cy_init_value = "0000000"
            cy_period = "0111111"
            cy_route_en = 1
            cy_route_ld = 0
        }
        Clock Polarity: Active High
        Clock Enable: True
    </CYPRESSTAG>
    <CYPRESSTAG name="DRQ listing">

    ------------------------------------------------------------
    DRQ listing
    ------------------------------------------------------------

    drqcell: Name =DMA_0
        PORT MAP (
            dmareq => Net_16_0 ,
            termin => zero ,
            termout => Net_18 );
        Properties:
        {
            drq_type = "01"
            num_tds = 0
        }

    drqcell: Name =DMA_1
        PORT MAP (
            dmareq => Net_19_0 ,
            termin => zero ,
            termout => Net_21 );
        Properties:
        {
            drq_type = "01"
            num_tds = 0
        }
    </CYPRESSTAG>
    <CYPRESSTAG name="Interrupt listing">

    ------------------------------------------------------------
    Interrupt listing
    ------------------------------------------------------------

    interrupt: Name =ISR_DMA_0_Done
        PORT MAP (
            interrupt => Net_18 );
        Properties:
        {
            int_type = "10"
            is_nmi = 0
        }

    interrupt: Name =ISR_DMA_1_Done
        PORT MAP (
            interrupt => Net_21 );
        Properties:
        {
            int_type = "10"
            is_nmi = 0
        }

    interrupt: Name =ISR_I2S_1_TX
        PORT MAP (
            interrupt => Net_11 );
        Properties:
        {
            int_type = "10"
            is_nmi = 0
        }
    </CYPRESSTAG>
</CYPRESSTAG>
<CYPRESSTAG name="Technology mapping summary" expanded>

------------------------------------------------------------
Technology mapping summary
------------------------------------------------------------

Resource Type                 : Used : Free :  Max :  % Used
============================================================
Digital Clocks                :    1 :    7 :    8 : 12.50 %
Analog Clocks                 :    0 :    4 :    4 :  0.00 %
CapSense Buffers              :    0 :    2 :    2 :  0.00 %
Digital Filter Block          :    0 :    1 :    1 :  0.00 %
Interrupts                    :    3 :   29 :   32 :  9.38 %
IO                            :    9 :   39 :   48 : 18.75 %
Segment LCD                   :    0 :    1 :    1 :  0.00 %
CAN 2.0b                      :    0 :    1 :    1 :  0.00 %
I2C                           :    0 :    1 :    1 :  0.00 %
USB                           :    0 :    1 :    1 :  0.00 %
DMA Channels                  :    2 :   22 :   24 :  8.33 %
Timer                         :    0 :    4 :    4 :  0.00 %
UDB                           :      :      :      :        
  Macrocells                  :    9 :  183 :  192 :  4.69 %
  Unique P-terms              :   26 :  358 :  384 :  6.77 %
  Total P-terms               :   28 :      :      :        
  Datapath Cells              :    1 :   23 :   24 :  4.17 %
  Status Cells                :    2 :   22 :   24 :  8.33 %
    StatusI Registers         :    1 :      :      :        
    Routed Count7 Load/Enable :    1 :      :      :        
  Control Cells               :    2 :   22 :   24 :  8.33 %
    Control Registers         :    1 :      :      :        
    Count7 Cells              :    1 :      :      :        
Opamp                         :    0 :    4 :    4 :  0.00 %
Comparator                    :    0 :    4 :    4 :  0.00 %
Delta-Sigma ADC               :    0 :    1 :    1 :  0.00 %
LPF                           :    0 :    2 :    2 :  0.00 %
SAR ADC                       :    0 :    2 :    2 :  0.00 %
Analog (SC/CT) Blocks         :    0 :    4 :    4 :  0.00 %
DAC                           :      :      :      :        
  VIDAC                       :    0 :    4 :    4 :  0.00 %
</CYPRESSTAG>
Technology Mapping: Elapsed time ==> 0s.110ms
Tech Mapping phase: Elapsed time ==> 0s.192ms
</CYPRESSTAG>
<CYPRESSTAG name="Analog Placement">
Initial Analog Placement Results:
IO_6@[IOP=(2)][IoId=(6)] : Pin_Check_0(0) (fixed)
IO_7@[IOP=(2)][IoId=(7)] : Pin_Check_1(0) (fixed)
IO_5@[IOP=(2)][IoId=(5)] : Pin_I2S_Clock(0) (fixed)
IO_0@[IOP=(2)][IoId=(0)] : SCK_1(0) (fixed)
IO_1@[IOP=(2)][IoId=(1)] : SDO_1(0) (fixed)
IO_2@[IOP=(2)][IoId=(2)] : WS_1(0) (fixed)
Analog Placement phase: Elapsed time ==> 0s.060ms
</CYPRESSTAG>
<CYPRESSTAG name="Analog Routing">
Analog Routing phase: Elapsed time ==> 0s.000ms
</CYPRESSTAG>
<CYPRESSTAG name="Analog Code Generation">
============ Analog Final Answer Routes ============
Dump of CyAnalogRoutingResultsDB
Map of net to items {
}
Map of item to net {
}
Mux Info {
}
Dump of CyP35AnalogRoutingResultsDB
IsVddaHalfUsedForComp = False
IsVddaHalfUsedForSar0 = False
IsVddaHalfUsedForSar1 = False
Analog Code Generation phase: Elapsed time ==> 0s.304ms
</CYPRESSTAG>
<CYPRESSTAG name="Digital Placement">
<CYPRESSTAG name="Detailed placement messages">
I2076: Total run-time: 0.8 sec.

</CYPRESSTAG>
<CYPRESSTAG name="PLD Packing">
<CYPRESSTAG name="PLD Packing Summary" expanded>

------------------------------------------------------------
PLD Packing Summary
------------------------------------------------------------
            Resource Type : Used : Free :  Max :  % Used
    ====================================================
                     PLDs :    6 :   42 :   48 :  12.50%

<CYPRESSTAG name="PLD Statistics">

        PLD Resource Type :     Average/LAB
    =======================================
                   Inputs :            6.33
                   Pterms :            4.33
               Macrocells :            1.50
</CYPRESSTAG>
<CYPRESSTAG name="Packed PLD Contents">
Packed PLD Contents not displayed at this verbose level.</CYPRESSTAG>
</CYPRESSTAG>
PLD Packing: Elapsed time ==> 0s.001ms
</CYPRESSTAG>
<CYPRESSTAG name="Partitioning">
<CYPRESSTAG name="Initial Partitioning Summary">
Initial Partitioning Summary not displayed at this verbose level.</CYPRESSTAG>
<CYPRESSTAG name="Final Partitioning Summary">
Final Partitioning Summary not displayed at this verbose level.</CYPRESSTAG>
Partitioning: Elapsed time ==> 0s.017ms
</CYPRESSTAG>
<CYPRESSTAG name="Final Placement Summary">

------------------------------------------------------------
Final Placement Summary
------------------------------------------------------------

       Resource Type :      Count : Avg Inputs : Avg Outputs
    ========================================================
                 UDB :          3 :       9.33 :       3.00
<CYPRESSTAG name="Final Placement Details">
<CYPRESSTAG name="Component Details">

------------------------------------------------------------
Component Placement Details
------------------------------------------------------------
UDB [UDB=(0,0)] is empty.
UDB [UDB=(0,1)] is empty.
UDB [UDB=(0,2)] is empty.
UDB [UDB=(0,3)] is empty.
UDB [UDB=(0,4)] contents:
LAB@[UDB=(0,4)][LB=0] #macrocells=1, #inputs=11, #pterms=8
{
    [McSlotId=0]:     MacroCell: Name=\I2S_1:bI2S:txenable\, Mode=(D-Register) @ [UDB=(0,4)][LB=0][MC=0]
        Total # of inputs        : 11
        Total # of product terms : 8
        List of special equations: 
            Clock  = (Net_1) => Global
            Clock Enable: True
        Main Equation            : 8 pterms
        (
              \I2S_1:bI2S:ctrl_reg_out_2\ * \I2S_1:bI2S:count_6\ * 
              !\I2S_1:bI2S:tx_underflow_sticky\ * \I2S_1:bI2S:txenable\
            + \I2S_1:bI2S:ctrl_reg_out_2\ * \I2S_1:bI2S:count_5\ * 
              !\I2S_1:bI2S:tx_underflow_sticky\ * \I2S_1:bI2S:txenable\
            + \I2S_1:bI2S:ctrl_reg_out_2\ * \I2S_1:bI2S:count_4\ * 
              !\I2S_1:bI2S:tx_underflow_sticky\ * \I2S_1:bI2S:txenable\
            + \I2S_1:bI2S:ctrl_reg_out_2\ * \I2S_1:bI2S:count_3\ * 
              !\I2S_1:bI2S:tx_underflow_sticky\ * \I2S_1:bI2S:txenable\
            + \I2S_1:bI2S:ctrl_reg_out_2\ * \I2S_1:bI2S:count_2\ * 
              !\I2S_1:bI2S:tx_underflow_sticky\ * \I2S_1:bI2S:txenable\
            + \I2S_1:bI2S:ctrl_reg_out_2\ * \I2S_1:bI2S:count_1\ * 
              !\I2S_1:bI2S:tx_underflow_sticky\ * \I2S_1:bI2S:txenable\
            + \I2S_1:bI2S:ctrl_reg_out_2\ * Net_3 * 
              !\I2S_1:bI2S:tx_underflow_sticky\ * \I2S_1:bI2S:txenable\
            + \I2S_1:bI2S:ctrl_reg_out_0\ * !\I2S_1:bI2S:count_6\ * 
              !\I2S_1:bI2S:count_5\ * !\I2S_1:bI2S:count_4\ * 
              !\I2S_1:bI2S:count_3\ * !\I2S_1:bI2S:count_2\ * 
              !\I2S_1:bI2S:count_1\ * !Net_3 * 
              !\I2S_1:bI2S:tx_underflow_sticky\
        );
        Output = \I2S_1:bI2S:txenable\ (fanout=4)
        Properties               : 
        {
        }

    [McSlotId=1]: (empty)
    [McSlotId=2]: (empty)
    [McSlotId=3]: (empty)
}

LAB@[UDB=(0,4)][LB=1] #macrocells=1, #inputs=3, #pterms=2
{
    [McSlotId=0]:     MacroCell: Name=Net_5_0, Mode=(D-Register) @ [UDB=(0,4)][LB=1][MC=0]
        Total # of inputs        : 3
        Total # of product terms : 2
        List of special equations: 
            Clock  = (Net_1) => Global
            Clock Enable: True
        Main Equation            : 2 pterms
        (
              !Net_3 * Net_5_0
            + Net_3 * \I2S_1:bI2S:tx_data_out_0\
        );
        Output = Net_5_0 (fanout=2)
        Properties               : 
        {
        }

    [McSlotId=1]: (empty)
    [McSlotId=2]: (empty)
    [McSlotId=3]: (empty)
}

statusicell: Name =\I2S_1:bI2S:Tx:STS[0]:Sts\
    PORT MAP (
        clock => Net_1 ,
        status_2 => Net_19_0 ,
        status_1 => Net_16_0 ,
        status_0 => \I2S_1:bI2S:tx_underflow_0\ ,
        interrupt => Net_11 );
    Properties:
    {
        cy_force_order = 1
        cy_int_mask = "0000000"
        cy_md_select = "0000001"
    }
    Clock Polarity: Active High
    Clock Enable: True

controlcell: Name =\I2S_1:bI2S:CtlReg\
    PORT MAP (
        clock => Net_1 ,
        control_7 => \I2S_1:bI2S:ctrl_reg_out_7\ ,
        control_6 => \I2S_1:bI2S:ctrl_reg_out_6\ ,
        control_5 => \I2S_1:bI2S:ctrl_reg_out_5\ ,
        control_4 => \I2S_1:bI2S:ctrl_reg_out_4\ ,
        control_3 => \I2S_1:bI2S:ctrl_reg_out_3\ ,
        control_2 => \I2S_1:bI2S:ctrl_reg_out_2\ ,
        control_1 => \I2S_1:bI2S:ctrl_reg_out_1\ ,
        control_0 => \I2S_1:bI2S:ctrl_reg_out_0\ );
    Properties:
    {
        cy_ctrl_mode_0 = "00011111"
        cy_ctrl_mode_1 = "00000000"
        cy_ext_reset = 0
        cy_force_order = 1
        cy_init_value = "00000000"
    }
    Clock Polarity: Active High
    Clock Enable: True

UDB [UDB=(0,5)] contents:
LAB@[UDB=(0,5)][LB=0] #macrocells=2, #inputs=11, #pterms=7
{
    [McSlotId=0]:     MacroCell: Name=\I2S_1:bI2S:tx_underflow_sticky\, Mode=(D-Register) @ [UDB=(0,5)][LB=0][MC=0]
        Total # of inputs        : 7
        Total # of product terms : 3
        List of special equations: 
            Clock  = (Net_1) => Global
            Clock Enable: True
        Main Equation            : 3 pterms
        (
              \I2S_1:bI2S:ctrl_reg_out_0\ * \I2S_1:bI2S:tx_underflow_sticky\
            + \I2S_1:bI2S:ctrl_reg_out_0\ * !\I2S_1:bI2S:tx_state_2\ * 
              !\I2S_1:bI2S:tx_state_1\ * \I2S_1:bI2S:tx_state_0\ * 
              \I2S_1:bI2S:tx_f0_empty_0\
            + \I2S_1:bI2S:ctrl_reg_out_0\ * \I2S_1:bI2S:tx_state_2\ * 
              !\I2S_1:bI2S:tx_state_1\ * !\I2S_1:bI2S:tx_state_0\ * 
              \I2S_1:bI2S:tx_f1_empty_0\
        );
        Output = \I2S_1:bI2S:tx_underflow_sticky\ (fanout=2)
        Properties               : 
        {
        }

    [McSlotId=1]:     MacroCell: Name=\I2S_1:bI2S:tx_state_1\, Mode=(D-Register) @ [UDB=(0,5)][LB=0][MC=1]
        Total # of inputs        : 7
        Total # of product terms : 4
        List of special equations: 
            Clock  = (Net_1) => Global
            Clock Enable: True
        Main Equation            : 4 pterms
        !(
              \I2S_1:bI2S:count_3\ * \I2S_1:bI2S:count_2\ * 
              \I2S_1:bI2S:count_1\ * \I2S_1:bI2S:txenable\ * 
              !\I2S_1:bI2S:tx_state_2\
            + \I2S_1:bI2S:txenable\ * !\I2S_1:bI2S:tx_state_2\ * 
              \I2S_1:bI2S:tx_state_0\
            + \I2S_1:bI2S:txenable\ * \I2S_1:bI2S:tx_state_2\ * 
              !\I2S_1:bI2S:tx_state_0\
            + \I2S_1:bI2S:txenable\ * \I2S_1:bI2S:tx_state_1\
        );
        Output = \I2S_1:bI2S:tx_state_1\ (fanout=6)
        Properties               : 
        {
        }

    [McSlotId=2]: (empty)
    [McSlotId=3]: (empty)
}

LAB@[UDB=(0,5)][LB=1] #macrocells=3, #inputs=10, #pterms=7
{
    [McSlotId=0]:     MacroCell: Name=\I2S_1:bI2S:tx_state_0\, Mode=(D-Register) @ [UDB=(0,5)][LB=1][MC=0]
        Total # of inputs        : 8
        Total # of product terms : 4
        List of special equations: 
            Clock  = (Net_1) => Global
            Clock Enable: True
        Main Equation            : 4 pterms
        (
              \I2S_1:bI2S:count_5\ * \I2S_1:bI2S:count_3\ * 
              \I2S_1:bI2S:count_2\ * \I2S_1:bI2S:count_1\ * 
              !\I2S_1:bI2S:tx_state_1\ * !\I2S_1:bI2S:tx_state_0\
            + !\I2S_1:bI2S:txenable\
            + \I2S_1:bI2S:tx_state_2\ * !\I2S_1:bI2S:tx_state_1\ * 
              !\I2S_1:bI2S:tx_state_0\
            + \I2S_1:bI2S:tx_state_2\ * \I2S_1:bI2S:tx_state_1\ * 
              \I2S_1:bI2S:tx_state_0\
        );
        Output = \I2S_1:bI2S:tx_state_0\ (fanout=6)
        Properties               : 
        {
        }

    [McSlotId=1]:     MacroCell: Name=\I2S_1:bI2S:tx_underflow_0\, Mode=(Combinatorial) @ [UDB=(0,5)][LB=1][MC=1]
        Total # of inputs        : 5
        Total # of product terms : 2
            Clock Enable: True
        Main Equation            : 2 pterms
        (
              !\I2S_1:bI2S:tx_state_2\ * !\I2S_1:bI2S:tx_state_1\ * 
              \I2S_1:bI2S:tx_state_0\ * \I2S_1:bI2S:tx_f0_empty_0\
            + \I2S_1:bI2S:tx_state_2\ * !\I2S_1:bI2S:tx_state_1\ * 
              !\I2S_1:bI2S:tx_state_0\ * \I2S_1:bI2S:tx_f1_empty_0\
        );
        Output = \I2S_1:bI2S:tx_underflow_0\ (fanout=1)
        Properties               : 
        {
        }

    [McSlotId=2]:     MacroCell: Name=\I2S_1:bI2S:tx_state_2\, Mode=(D-Register) @ [UDB=(0,5)][LB=1][MC=2]
        Total # of inputs        : 8
        Total # of product terms : 3
        List of special equations: 
            Clock  = (Net_1) => Global
            Clock Enable: True
        Main Equation            : 3 pterms
        (
              !\I2S_1:bI2S:count_5\ * \I2S_1:bI2S:count_3\ * 
              \I2S_1:bI2S:count_2\ * \I2S_1:bI2S:count_1\ * 
              !\I2S_1:bI2S:tx_state_1\ * !\I2S_1:bI2S:tx_state_0\
            + !\I2S_1:bI2S:txenable\
            + \I2S_1:bI2S:tx_state_2\ * !\I2S_1:bI2S:tx_state_1\ * 
              !\I2S_1:bI2S:tx_state_0\
        );
        Output = \I2S_1:bI2S:tx_state_2\ (fanout=6)
        Properties               : 
        {
        }

    [McSlotId=3]: (empty)
}

datapathcell: Name =\I2S_1:bI2S:Tx:CH[0]:dpTx:u0\
    PORT MAP (
        clock => Net_1 ,
        cs_addr_2 => \I2S_1:bI2S:tx_state_2\ ,
        cs_addr_1 => \I2S_1:bI2S:tx_state_1\ ,
        cs_addr_0 => \I2S_1:bI2S:tx_state_0\ ,
        so_comb => \I2S_1:bI2S:tx_data_out_0\ ,
        f0_bus_stat_comb => Net_16_0 ,
        f0_blk_stat_comb => \I2S_1:bI2S:tx_f0_empty_0\ ,
        f1_bus_stat_comb => Net_19_0 ,
        f1_blk_stat_comb => \I2S_1:bI2S:tx_f1_empty_0\ );
    Properties:
    {
        a0_init = "00000000"
        a1_init = "00000000"
        ce0_sync = 1
        ce1_sync = 1
        cl0_sync = 1
        cl1_sync = 1
        cmsb_sync = 1
        co_msb_sync = 1
        cy_dpconfig = "0000000000000000000000001100000000000001010000000000000010000000000000000011000000010000010000000000000000010000101010000100000011111111000000001111111111111111000000000000000000000000000000000000000000000100"
        d0_init = "00000000"
        d1_init = "00000000"
        f0_blk_sync = 1
        f0_bus_sync = 1
        f1_blk_sync = 1
        f1_bus_sync = 1
        ff0_sync = 1
        ff1_sync = 1
        ov_msb_sync = 1
        so_sync = 1
        z0_sync = 1
        z1_sync = 1
    }
    Clock Polarity: Active High
    Clock Enable: True

count7cell: Name =\I2S_1:bI2S:BitCounter\
    PORT MAP (
        clock => Net_1 ,
        enable => \I2S_1:bI2S:ctrl_reg_out_2\ ,
        count_6 => \I2S_1:bI2S:count_6\ ,
        count_5 => \I2S_1:bI2S:count_5\ ,
        count_4 => \I2S_1:bI2S:count_4\ ,
        count_3 => \I2S_1:bI2S:count_3\ ,
        count_2 => \I2S_1:bI2S:count_2\ ,
        count_1 => \I2S_1:bI2S:count_1\ ,
        count_0 => Net_3 );
    Properties:
    {
        cy_alt_mode = 0
        cy_init_value = "0000000"
        cy_period = "0111111"
        cy_route_en = 1
        cy_route_ld = 0
    }
    Clock Polarity: Active High
    Clock Enable: True

UDB [UDB=(1,0)] is empty.
UDB [UDB=(1,1)] is empty.
UDB [UDB=(1,2)] is empty.
UDB [UDB=(1,3)] is empty.
UDB [UDB=(1,4)] contents:
LAB@[UDB=(1,4)][LB=0] #macrocells=1, #inputs=2, #pterms=1
{
    [McSlotId=0]: (empty)
    [McSlotId=1]:     MacroCell: Name=Net_4, Mode=(D-Register) @ [UDB=(1,4)][LB=0][MC=1]
        Total # of inputs        : 2
        Total # of product terms : 1
        List of special equations: 
            Clock  = (Net_1) => Global
            Clock Enable: True
        Main Equation            : 1 pterm
        (
              !\I2S_1:bI2S:reset\ * !\I2S_1:bI2S:count_5\
        );
        Output = Net_4 (fanout=1)
        Properties               : 
        {
        }

    [McSlotId=2]: (empty)
    [McSlotId=3]: (empty)
}

LAB@[UDB=(1,4)][LB=1] #macrocells=1, #inputs=1, #pterms=1
{
    [McSlotId=0]: (empty)
    [McSlotId=1]: (empty)
    [McSlotId=2]:     MacroCell: Name=\I2S_1:bI2S:reset\, Mode=(D-Register) @ [UDB=(1,4)][LB=1][MC=2]
        Total # of inputs        : 1
        Total # of product terms : 1
        List of special equations: 
            Clock  = (Net_1) => Global
            Clock Enable: True
        Main Equation            : 1 pterm
        (
              !\I2S_1:bI2S:ctrl_reg_out_2\
        );
        Output = \I2S_1:bI2S:reset\ (fanout=1)
        Properties               : 
        {
        }

    [McSlotId=3]: (empty)
}

UDB [UDB=(1,5)] is empty.
UDB [UDB=(2,0)] is empty.
UDB [UDB=(2,1)] is empty.
UDB [UDB=(2,2)] is empty.
UDB [UDB=(2,3)] is empty.
UDB [UDB=(2,4)] is empty.
UDB [UDB=(2,5)] is empty.
UDB [UDB=(3,0)] is empty.
UDB [UDB=(3,1)] is empty.
UDB [UDB=(3,2)] is empty.
UDB [UDB=(3,3)] is empty.
UDB [UDB=(3,4)] is empty.
UDB [UDB=(3,5)] is empty.
Intr container @ [IntrContainer=(0)]: 
  Intr@ [IntrContainer=(0)][IntrId=(0)] 
    interrupt: Name =ISR_DMA_0_Done
        PORT MAP (
            interrupt => Net_18 );
        Properties:
        {
            int_type = "10"
            is_nmi = 0
        }
  Intr@ [IntrContainer=(0)][IntrId=(1)] 
    interrupt: Name =ISR_DMA_1_Done
        PORT MAP (
            interrupt => Net_21 );
        Properties:
        {
            int_type = "10"
            is_nmi = 0
        }
  Intr@ [IntrContainer=(0)][IntrId=(2)] 
    interrupt: Name =ISR_I2S_1_TX
        PORT MAP (
            interrupt => Net_11 );
        Properties:
        {
            int_type = "10"
            is_nmi = 0
        }
Drq container @ [DrqContainer=(0)]: 
  Dma@ [DrqContainer=(0)][DrqId=(0)] 
    drqcell: Name =DMA_0
        PORT MAP (
            dmareq => Net_16_0 ,
            termin => zero ,
            termout => Net_18 );
        Properties:
        {
            drq_type = "01"
            num_tds = 0
        }
  Dma@ [DrqContainer=(0)][DrqId=(1)] 
    drqcell: Name =DMA_1
        PORT MAP (
            dmareq => Net_19_0 ,
            termin => zero ,
            termout => Net_21 );
        Properties:
        {
            drq_type = "01"
            num_tds = 0
        }
Port 0 contains the following IO cells:
Port 1 contains the following IO cells:
Port 2 contains the following IO cells:
[IoId=0]: 
Pin : Name = SCK_1(0)
    Attributes:
        In Group/Port: True
        In Sync Option: AUTO
        Out Sync Option: NOSYNC
        Interrupt generated: False
        Interrupt mode: NONE
        Drive mode: CMOS_OUT
        VTrip: EITHER
        Slew: FAST
        Input Sync needed: False
        Output Sync needed: False
        SC shield enabled: False
        POR State: ANY
        LCD Mode: COMMON
        Register Mode: RegComb
        CaSense Mode: NEITHER
        Treat as pin: True
        Is OE Registered: False
        Uses Analog: False
        Can contain Digital: True
        Is SIO: False
        SIO Output Buf: NONREGULATED
        SIO Input Buf: SINGLE_ENDED
        SIO HiFreq: LOW
        SIO Hyst: DISABLED
        SIO Vtrip: MULTIPLIER_0_5
        SIO Multiplier Index: 0
        SIO RefSel: VCC_IO
        Required Capabilities: DIGITAL, ROUTABLE
        Initial Value: 0
        IO Voltage: 0
    PORT MAP (
        pa_out => SCK_1(0)__PA ,
        pin_input => Net_3 ,
        pad => SCK_1(0)_PAD );
    Properties:
    {
    }

[IoId=1]: 
Pin : Name = SDO_1(0)
    Attributes:
        In Group/Port: True
        In Sync Option: AUTO
        Out Sync Option: NOSYNC
        Interrupt generated: False
        Interrupt mode: NONE
        Drive mode: CMOS_OUT
        VTrip: EITHER
        Slew: FAST
        Input Sync needed: False
        Output Sync needed: False
        SC shield enabled: False
        POR State: ANY
        LCD Mode: COMMON
        Register Mode: RegComb
        CaSense Mode: NEITHER
        Treat as pin: True
        Is OE Registered: False
        Uses Analog: False
        Can contain Digital: True
        Is SIO: False
        SIO Output Buf: NONREGULATED
        SIO Input Buf: SINGLE_ENDED
        SIO HiFreq: LOW
        SIO Hyst: DISABLED
        SIO Vtrip: MULTIPLIER_0_5
        SIO Multiplier Index: 0
        SIO RefSel: VCC_IO
        Required Capabilities: DIGITAL, ROUTABLE
        Initial Value: 0
        IO Voltage: 0
    PORT MAP (
        pa_out => SDO_1(0)__PA ,
        pin_input => Net_5_0 ,
        pad => SDO_1(0)_PAD );
    Properties:
    {
    }

[IoId=2]: 
Pin : Name = WS_1(0)
    Attributes:
        In Group/Port: True
        In Sync Option: AUTO
        Out Sync Option: NOSYNC
        Interrupt generated: False
        Interrupt mode: NONE
        Drive mode: CMOS_OUT
        VTrip: EITHER
        Slew: FAST
        Input Sync needed: False
        Output Sync needed: False
        SC shield enabled: False
        POR State: ANY
        LCD Mode: COMMON
        Register Mode: RegComb
        CaSense Mode: NEITHER
        Treat as pin: True
        Is OE Registered: False
        Uses Analog: False
        Can contain Digital: True
        Is SIO: False
        SIO Output Buf: NONREGULATED
        SIO Input Buf: SINGLE_ENDED
        SIO HiFreq: LOW
        SIO Hyst: DISABLED
        SIO Vtrip: MULTIPLIER_0_5
        SIO Multiplier Index: 0
        SIO RefSel: VCC_IO
        Required Capabilities: DIGITAL, ROUTABLE
        Initial Value: 0
        IO Voltage: 0
    PORT MAP (
        pa_out => WS_1(0)__PA ,
        pin_input => Net_4 ,
        pad => WS_1(0)_PAD );
    Properties:
    {
    }

[IoId=5]: 
Pin : Name = Pin_I2S_Clock(0)
    Attributes:
        In Group/Port: True
        In Sync Option: AUTO
        Out Sync Option: NOSYNC
        Interrupt generated: False
        Interrupt mode: NONE
        Drive mode: CMOS_OUT
        VTrip: EITHER
        Slew: FAST
        Input Sync needed: False
        Output Sync needed: False
        SC shield enabled: False
        POR State: ANY
        LCD Mode: COMMON
        Register Mode: RegComb
        CaSense Mode: NEITHER
        Treat as pin: True
        Is OE Registered: False
        Uses Analog: False
        Can contain Digital: True
        Is SIO: False
        SIO Output Buf: NONREGULATED
        SIO Input Buf: SINGLE_ENDED
        SIO HiFreq: LOW
        SIO Hyst: DISABLED
        SIO Vtrip: MULTIPLIER_0_5
        SIO Multiplier Index: 0
        SIO RefSel: VCC_IO
        Required Capabilities: DIGITAL, ROUTABLE
        Initial Value: 0
        IO Voltage: 0
    PORT MAP (
        pa_out => Pin_I2S_Clock(0)__PA ,
        pin_input => Net_1_local ,
        pad => Pin_I2S_Clock(0)_PAD );
    Properties:
    {
    }

[IoId=6]: 
Pin : Name = Pin_Check_0(0)
    Attributes:
        In Group/Port: True
        In Sync Option: AUTO
        Out Sync Option: NOSYNC
        Interrupt generated: False
        Interrupt mode: NONE
        Drive mode: CMOS_OUT
        VTrip: EITHER
        Slew: FAST
        Input Sync needed: False
        Output Sync needed: False
        SC shield enabled: False
        POR State: ANY
        LCD Mode: COMMON
        Register Mode: RegComb
        CaSense Mode: NEITHER
        Treat as pin: True
        Is OE Registered: False
        Uses Analog: False
        Can contain Digital: True
        Is SIO: False
        SIO Output Buf: NONREGULATED
        SIO Input Buf: SINGLE_ENDED
        SIO HiFreq: LOW
        SIO Hyst: DISABLED
        SIO Vtrip: MULTIPLIER_0_5
        SIO Multiplier Index: 0
        SIO RefSel: VCC_IO
        Required Capabilities: DIGITAL
        Initial Value: 0
        IO Voltage: 0
    PORT MAP (
        pa_out => Pin_Check_0(0)__PA ,
        pad => Pin_Check_0(0)_PAD );
    Properties:
    {
    }

[IoId=7]: 
Pin : Name = Pin_Check_1(0)
    Attributes:
        In Group/Port: True
        In Sync Option: AUTO
        Out Sync Option: NOSYNC
        Interrupt generated: False
        Interrupt mode: NONE
        Drive mode: CMOS_OUT
        VTrip: EITHER
        Slew: FAST
        Input Sync needed: False
        Output Sync needed: False
        SC shield enabled: False
        POR State: ANY
        LCD Mode: COMMON
        Register Mode: RegComb
        CaSense Mode: NEITHER
        Treat as pin: True
        Is OE Registered: False
        Uses Analog: False
        Can contain Digital: True
        Is SIO: False
        SIO Output Buf: NONREGULATED
        SIO Input Buf: SINGLE_ENDED
        SIO HiFreq: LOW
        SIO Hyst: DISABLED
        SIO Vtrip: MULTIPLIER_0_5
        SIO Multiplier Index: 0
        SIO RefSel: VCC_IO
        Required Capabilities: DIGITAL
        Initial Value: 0
        IO Voltage: 0
    PORT MAP (
        pa_out => Pin_Check_1(0)__PA ,
        pad => Pin_Check_1(0)_PAD );
    Properties:
    {
    }

Port 3 contains the following IO cells:
Port 12 contains the following IO cells:
Port 15 contains the following IO cells:
ARM group 0: empty
CAN group 0: empty
Cache group 0: empty
CapSense group 0: empty
Clock group 0: 
    Clock Block @ F(Clock,0): 
    clockblockcell: Name =ClockBlock
        PORT MAP (
            imo => ClockBlock_IMO ,
            pllout => ClockBlock_PLL_OUT ,
            ilo => ClockBlock_ILO ,
            clk_100k => ClockBlock_100k ,
            clk_1k => ClockBlock_1k ,
            clk_32k => ClockBlock_32k ,
            xtal => ClockBlock_XTAL ,
            clk_32k_xtal => ClockBlock_XTAL_32KHZ ,
            clk_sync => ClockBlock_MASTER_CLK ,
            clk_bus_glb => ClockBlock_BUS_CLK ,
            clk_bus => ClockBlock_BUS_CLK_local ,
            dclk_glb_0 => Net_1 ,
            dclk_0 => Net_1_local );
        Properties:
        {
        }
Comparator group 0: empty
DFB group 0: empty
DSM group 0: empty
Decimator group 0: empty
EMIF group 0: empty
I2C group 0: empty
LCD group 0: empty
LVD group 0: empty
PICU group 0: empty
PM group 0: empty
SC group 0: empty
SPC group 0: empty
Timer group 0: empty
USB group 0: empty
VIDAC group 0: empty
OpAmp group 0: empty
CsAbuf group 0: empty
Vref group 0: empty
LPF group 0: empty
SAR group 0: empty
ANAIF group 0: empty
PHUB group 0: empty
</CYPRESSTAG>
<CYPRESSTAG name="Port Configuration Details">

------------------------------------------------------------
Port Configuration report
------------------------------------------------------------
     |     |       | Interrupt |                  |                  | 
Port | Pin | Fixed |      Type |       Drive Mode |             Name | Connections
-----+-----+-------+-----------+------------------+------------------+----------------
   2 |   0 |     * |      NONE |         CMOS_OUT |         SCK_1(0) | In(Net_3)
     |   1 |     * |      NONE |         CMOS_OUT |         SDO_1(0) | In(Net_5_0)
     |   2 |     * |      NONE |         CMOS_OUT |          WS_1(0) | In(Net_4)
     |   5 |     * |      NONE |         CMOS_OUT | Pin_I2S_Clock(0) | In(Net_1_local)
     |   6 |     * |      NONE |         CMOS_OUT |   Pin_Check_0(0) | 
     |   7 |     * |      NONE |         CMOS_OUT |   Pin_Check_1(0) | 
--------------------------------------------------------------------------------------
</CYPRESSTAG>
</CYPRESSTAG>
</CYPRESSTAG>
Digital component placer commit/Report: Elapsed time ==> 0s.070ms
Digital Placement phase: Elapsed time ==> 1s.168ms
</CYPRESSTAG>
<CYPRESSTAG name="Digital Routing">
"D:\Program\Cypress\PSoC Creator\4.2\PSoC Creator\bin/sjrouter.exe" --xml-path "D:\Program\Cypress\PSoC Creator\4.2\PSoC Creator\dev\psoc5/psoc5lp/route_arch-rrg.cydata" --vh2-path "TDA1503_Test01_r.vh2" --pcf-path "TDA1503_Test01.pco" --des-name "TDA1503_Test01" --dsf-path "TDA1503_Test01.dsf" --sdc-path "TDA1503_Test01.sdc" --lib-path "TDA1503_Test01_r.lib"
Routing successful.
Digital Routing phase: Elapsed time ==> 1s.770ms
</CYPRESSTAG>
<CYPRESSTAG name="Bitstream Generation">
Bitstream Generation phase: Elapsed time ==> 0s.183ms
</CYPRESSTAG>
<CYPRESSTAG name="Bitstream Verification">
Bitstream Verification phase: Elapsed time ==> 0s.038ms
</CYPRESSTAG>
<CYPRESSTAG name="Static timing analysis">
Timing report is in TDA1503_Test01_timing.html.
Static timing analysis phase: Elapsed time ==> 0s.290ms
</CYPRESSTAG>
<CYPRESSTAG name="Data reporting">
Data reporting phase: Elapsed time ==> 0s.000ms
</CYPRESSTAG>
<CYPRESSTAG name="Database update...">
Design database save phase: Elapsed time ==> 0s.201ms
</CYPRESSTAG>
cydsfit: Elapsed time ==> 4s.246ms
</CYPRESSTAG>
Fitter phase: Elapsed time ==> 4s.247ms
API generation phase: Elapsed time ==> 0s.923ms
Dependency generation phase: Elapsed time ==> 0s.076ms
Cleanup phase: Elapsed time ==> 0s.000ms
